# name: test_title_selection
  '\x1b[1m\x1b[4mPoetspy\x1b[0m - Another ls alternative'
---
